[0m00:04:35.974690 [debug] [MainThread]: Sending event: {'category': 'dbt', 'action': 'invocation', 'label': 'start', 'context': [<snowplow_tracker.self_describing_json.SelfDescribingJson object at 0x00000292DA62D3A0>, <snowplow_tracker.self_describing_json.SelfDescribingJson object at 0x00000292DB7EAF40>, <snowplow_tracker.self_describing_json.SelfDescribingJson object at 0x00000292DB7EA1C0>]}


============================== 00:04:35.980686 | 9bc2d2c1-5514-4d86-9825-c860eb92b1e8 ==============================
[0m00:04:35.980686 [info ] [MainThread]: Running with dbt=1.10.20
[0m00:04:35.981685 [debug] [MainThread]: running dbt with arguments {'debug': 'False', 'fail_fast': 'False', 'log_cache_events': 'False', 'send_anonymous_usage_stats': 'True', 'cache_selected_only': 'False', 'warn_error_options': 'WarnErrorOptionsV2(error=[], warn=[], silence=[])', 'invocation_command': 'dbt init meu_projeto_dbt', 'target_path': 'None', 'version_check': 'True', 'empty': 'None', 'printer_width': '80', 'quiet': 'False', 'introspect': 'True', 'log_format': 'default', 'warn_error': 'None', 'write_json': 'True', 'no_print': 'None', 'partial_parse': 'True', 'log_path': 'logs', 'static_parser': 'True', 'profiles_dir': 'C:\\Users\\Admin\\.dbt', 'use_experimental_parser': 'False', 'use_colors': 'True', 'indirect_selection': 'eager'}
[0m00:04:36.005104 [info ] [MainThread]: Creating dbt configuration folder at C:\Users\Admin\.dbt
[0m00:04:36.009174 [debug] [MainThread]: Starter project path: C:\Users\Admin\anaconda34\lib\site-packages\dbt\include\starter_project
[0m00:04:36.078631 [info ] [MainThread]: 
Your new dbt project "meu_projeto_dbt" was created!

For more information on how to configure the profiles.yml file,
please consult the dbt documentation here:

  https://docs.getdbt.com/docs/configure-your-profile

One more thing:

Need help? Don't hesitate to reach out to us via GitHub issues or on Slack:

  https://community.getdbt.com/

Happy modeling!

[0m00:04:36.080629 [info ] [MainThread]: Setting up your profile.
[0m00:10:14.713282 [info ] [MainThread]: Profile meu_projeto_dbt written to C:\Users\Admin\.dbt\profiles.yml using target's profile_template.yml and your supplied values. Run 'dbt debug' to validate the connection.
[0m00:10:14.715282 [debug] [MainThread]: Command `dbt init` succeeded at 00:10:14.715282 after 338.86 seconds
[0m00:10:14.716281 [debug] [MainThread]: Sending event: {'category': 'dbt', 'action': 'invocation', 'label': 'end', 'context': [<snowplow_tracker.self_describing_json.SelfDescribingJson object at 0x00000292DA62D3A0>, <snowplow_tracker.self_describing_json.SelfDescribingJson object at 0x00000292DB7EA790>, <snowplow_tracker.self_describing_json.SelfDescribingJson object at 0x00000292DB7EA610>]}
[0m00:10:14.717281 [debug] [MainThread]: Flushing usage events
[0m00:10:15.700373 [debug] [MainThread]: An error was encountered while trying to flush usage events
